<html>
<body>
<pre>
<h1>µVision Build Log</h1>
<h2>Tool Versions:</h2>
IDE-Version: µVision V5.27.0.0
Copyright (C) 2018 ARM Ltd and ARM Germany GmbH. All rights reserved.
License Information: Andrzej Skoczeñ AGH Flex license: MDK-ARM Professional (mdk_pro) Operation stops: 10 Sep 2023
 
Tool Versions:
Toolchain:       MDK-ARM Professional  Version: 5.27.0.0
Toolchain Path:  C:\Keil_v5\ARM\ARMCC\Bin
C Compiler:      Armcc.exe V5.06 update 6 (build 750)
Assembler:       Armasm.exe V5.06 update 6 (build 750)
Linker/Locator:  ArmLink.exe V5.06 update 6 (build 750)
Library Manager: ArmAr.exe V5.06 update 6 (build 750)
Hex Converter:   FromElf.exe V5.06 update 6 (build 750)
CPU DLL:         SARMCM3.DLL V5.27.0.0
Dialog DLL:      DCM.DLL V1.17.2.0
Target DLL:      UL2CM3.DLL V1.162.7.0
Dialog DLL:      TCM.DLL V1.36.1.0
 
<h2>Project:</h2>
C:\Users\9lesnicki\Desktop\Projekt_Systemy_wbudowane-main\projekt_SW\lab02.uvprojx
Project File Date:  01/07/2022

<h2>Output:</h2>
*** Using Compiler 'V5.06 update 6 (build 750)', folder: 'C:\Keil_v5\ARM\ARMCC\Bin'
Build target 'Target 1'
compiling main.c...
uart_conf.h(15): warning:  #1295-D: Deprecated declaration UART_konfiguracja - give arg types
  void UART_konfiguracja();
uart_conf.h(18): warning:  #1295-D: Deprecated declaration czekaj_na_potwierdzenie - give arg types
  void czekaj_na_potwierdzenie();
uart_conf.h(35): warning:  #1-D: last line of file ends without a newline
  */
TP_config.h(13): warning:  #1295-D: Deprecated declaration kalibracja - give arg types
  void kalibracja();
TP_config.h(14): warning:  #1295-D: Deprecated declaration touchpad_to_LCD_XY - give arg types
  void touchpad_to_LCD_XY();
TP_config.h(15): warning:  #1-D: last line of file ends without a newline
  #endif
uart_conf.h(35): warning:  #1-D: last line of file ends without a newline
  */
uart_conf.h(35): warning:  #1-D: last line of file ends without a newline
  */
TP_config.h(15): warning:  #1-D: last line of file ends without a newline
  #endif
plansza.h(16): warning:  #1295-D: Deprecated declaration inicjalizacja_plansz - give arg types
  void inicjalizacja_plansz();
plansza.h(19): warning:  #1295-D: Deprecated declaration rysuj_plansze - give arg types
  void rysuj_plansze();
plansza.h(22): warning:  #1295-D: Deprecated declaration wybor_statku - give arg types
  int wybor_statku();
plansza.h(23): warning:  #1295-D: Deprecated declaration rysuj_rodzaje_statkow - give arg types
  void rysuj_rodzaje_statkow();
plansza.h(24): warning:  #1295-D: Deprecated declaration uzupelnanie_moich_statow - give arg types
  void uzupelnanie_moich_statow();
plansza.h(26): warning:  #1-D: last line of file ends without a newline
  #endif
uart_conf.h(35): warning:  #1-D: last line of file ends without a newline
  */
TP_config.h(15): warning:  #1-D: last line of file ends without a newline
  #endif
plansza.h(26): warning:  #1-D: last line of file ends without a newline
  #endif
gra.h(16): warning:  #1295-D: Deprecated declaration strzelaj - give arg types
  void strzelaj();
gra.h(17): warning:  #1295-D: Deprecated declaration czekaj_na_strzal - give arg types
  void czekaj_na_strzal();
main.c(77): warning:  #1-D: last line of file ends without a newline
  }
main.c(37): warning:  #177-D: variable "strx"  was declared but never referenced
  	char strx[6];
main.c(38): warning:  #177-D: variable "stry"  was declared but never referenced
  	char stry[6];
main.c: 23 warnings, 0 errors
compiling gra.c...
uart_conf.h(15): warning:  #1295-D: Deprecated declaration UART_konfiguracja - give arg types
  void UART_konfiguracja();
uart_conf.h(18): warning:  #1295-D: Deprecated declaration czekaj_na_potwierdzenie - give arg types
  void czekaj_na_potwierdzenie();
uart_conf.h(35): warning:  #1-D: last line of file ends without a newline
  */
TP_config.h(13): warning:  #1295-D: Deprecated declaration kalibracja - give arg types
  void kalibracja();
TP_config.h(14): warning:  #1295-D: Deprecated declaration touchpad_to_LCD_XY - give arg types
  void touchpad_to_LCD_XY();
TP_config.h(15): warning:  #1-D: last line of file ends without a newline
  #endif
plansza.h(16): warning:  #1295-D: Deprecated declaration inicjalizacja_plansz - give arg types
  void inicjalizacja_plansz();
plansza.h(19): warning:  #1295-D: Deprecated declaration rysuj_plansze - give arg types
  void rysuj_plansze();
plansza.h(22): warning:  #1295-D: Deprecated declaration wybor_statku - give arg types
  int wybor_statku();
plansza.h(23): warning:  #1295-D: Deprecated declaration rysuj_rodzaje_statkow - give arg types
  void rysuj_rodzaje_statkow();
plansza.h(24): warning:  #1295-D: Deprecated declaration uzupelnanie_moich_statow - give arg types
  void uzupelnanie_moich_statow();
plansza.h(26): warning:  #1-D: last line of file ends without a newline
  #endif
gra.h(16): warning:  #1295-D: Deprecated declaration strzelaj - give arg types
  void strzelaj();
gra.h(17): warning:  #1295-D: Deprecated declaration czekaj_na_strzal - give arg types
  void czekaj_na_strzal();
gra.c(85): warning:  #1-D: last line of file ends without a newline
  }
gra.c: 15 warnings, 0 errors
compiling plansza.c...
uart_conf.h(15): warning:  #1295-D: Deprecated declaration UART_konfiguracja - give arg types
  void UART_konfiguracja();
uart_conf.h(18): warning:  #1295-D: Deprecated declaration czekaj_na_potwierdzenie - give arg types
  void czekaj_na_potwierdzenie();
uart_conf.h(35): warning:  #1-D: last line of file ends without a newline
  */
TP_config.h(13): warning:  #1295-D: Deprecated declaration kalibracja - give arg types
  void kalibracja();
TP_config.h(14): warning:  #1295-D: Deprecated declaration touchpad_to_LCD_XY - give arg types
  void touchpad_to_LCD_XY();
TP_config.h(15): warning:  #1-D: last line of file ends without a newline
  #endif
plansza.h(16): warning:  #1295-D: Deprecated declaration inicjalizacja_plansz - give arg types
  void inicjalizacja_plansz();
plansza.h(19): warning:  #1295-D: Deprecated declaration rysuj_plansze - give arg types
  void rysuj_plansze();
plansza.h(22): warning:  #1295-D: Deprecated declaration wybor_statku - give arg types
  int wybor_statku();
plansza.h(23): warning:  #1295-D: Deprecated declaration rysuj_rodzaje_statkow - give arg types
  void rysuj_rodzaje_statkow();
plansza.h(24): warning:  #1295-D: Deprecated declaration uzupelnanie_moich_statow - give arg types
  void uzupelnanie_moich_statow();
plansza.h(26): warning:  #1-D: last line of file ends without a newline
  #endif
plansza.c(237): warning:  #177-D: variable "strx"  was declared but never referenced
  		char strx[4];
plansza.c: 13 warnings, 0 errors
linking...
Program Size: Code=7012 RO-data=3308 RW-data=28 ZI-data=9092  
".\Objects\lab02.axf" - 0 Error(s), 51 Warning(s).

<h2>Software Packages used:</h2>

Package Vendor: ARM
                http://www.keil.com/pack/ARM.CMSIS.5.4.0.pack
                ARM.CMSIS.5.4.0
                CMSIS (Cortex Microcontroller Software Interface Standard)
   * Component: CORE Version: 5.1.2

Package Vendor: Keil
                http://www.keil.com/pack/Keil.LPC1700_DFP.2.6.1.pack
                Keil.LPC1700_DFP.2.6.1
                NXP LPC1700 Series Device Support, Drivers and Examples for MCB1700, Open1768 and LPC1788-32
   * Component: Buttons Version: 1.0.0
   * Component: Joystick Version: 1.0.0
   * Component: LED Version: 1.0.0
   * Component: GPIO Version: 1.1.0
   * Component: PIN Version: 1.0.0
   * Component: Startup Version: 1.0.0

Package Vendor: Keil
                http://www.keil.com/pack/Keil.MDK-Middleware.7.8.0.pack
                Keil.MDK-Middleware.7.8.0
                Middleware for Keil MDK-Professional and MDK-Plus
   * Component: Buttons Version: 1.0.0
   * Component: Joystick Version: 1.0.0
   * Component: LED Version: 1.0.0

<h2>Collection of Component include folders:</h2>
  .\RTE\Device\LPC1768
  .\RTE\_Target_1
  C:\Keil_v5\ARM\PACK\ARM\CMSIS\5.4.0\CMSIS\Core\Include
  C:\Keil_v5\ARM\PACK\Keil\LPC1700_DFP\2.6.1\Device\Include
  C:\Keil_v5\ARM\PACK\Keil\LPC1700_DFP\2.6.1\RTE_Driver
  C:\Keil_v5\ARM\PACK\Keil\MDK-Middleware\7.8.0\Board

<h2>Collection of Component Files used:</h2>

   * Component: ::Board Support:Buttons:1.0.0 (API)
      Include file:  Board\Board_Buttons.h

   * Component: ::Board Support:Joystick:1.0.0 (API)
      Include file:  Board\Board_Joystick.h

   * Component: ::Board Support:LED:1.0.0 (API)
      Include file:  Board\Board_LED.h

   * Component: ARM::CMSIS:CORE:5.1.2

   * Component: Keil.Open1768::Board Support:Buttons:1.0.0
      Source file:   Boards\Waveshare\Open1768\Common\Buttons_Open1768.c

   * Component: Keil.Open1768::Board Support:Joystick:1.0.0
      Source file:   Boards\Waveshare\Open1768\Common\Joystick_Open1768.c

   * Component: Keil.Open1768::Board Support:LED:1.0.0
      Source file:   Boards\Waveshare\Open1768\Common\LED_Open1768.c

   * Component: Keil::Device:GPIO:1.1.0
      Include file:  RTE_Driver\GPIO_LPC17xx.h
      Source file:   RTE_Driver\GPIO_LPC17xx.c

   * Component: Keil::Device:PIN:1.0.0
      Include file:  RTE_Driver\PIN_LPC17xx.h
      Source file:   RTE_Driver\PIN_LPC17xx.c

   * Component: Keil::Device:Startup:1.0.0
      Include file:  Device\Include\LPC17xx.h
      Source file:   Device\Source\ARM\startup_LPC17xx.s
      Source file:   Device\Source\system_LPC17xx.c
      Include file:  RTE_Driver\Config\RTE_Device.h
Build Time Elapsed:  00:00:01
</pre>
</body>
</html>
